{
  "exclude": {
    "files": "^.secrets.baseline$",
    "lines": null
  },
  "generated_at": "2026-08-07T09:02:13Z",
  "plugins_used": [
    {
      "name": "AWSKeyDetector"
    },
    {
      "name": "ArtifactoryDetector"
    },
    {
      "name": "AzureStorageKeyDetector"
    },
    {
      "base64_limit": 4.5,
      "name": "Base64HighEntropyString"
    },
    {
      "name": "BasicAuthDetector"
    },
    {
      "name": "BoxDetector"
    },
    {
      "name": "CloudantDetector"
    },
    {
      "ghe_instance": "github.ibm.com",
      "name": "GheDetector"
    },
    {
      "name": "GitHubTokenDetector"
    },
    {
      "hex_limit": 3,
      "name": "HexHighEntropyString"
    },
    {
      "name": "IbmCloudIamDetector"
    },
    {
      "name": "IbmCosHmacDetector"
    },
    {
      "name": "JwtTokenDetector"
    },
    {
      "keyword_exclude": null,
      "name": "KeywordDetector"
    },
    {
      "name": "MailchimpDetector"
    },
    {
      "name": "NpmDetector"
    },
    {
      "name": "PrivateKeyDetector"
    },
    {
      "name": "SlackDetector"
    },
    {
      "name": "SoftlayerDetector"
    },
    {
      "name": "SquareOAuthDetector"
    },
    {
      "name": "StripeDetector"
    },
    {
      "name": "TwilioKeyDetector"
    }
  ],
  "results": {
    "concourse-playbook/postgres_restore.yml": [
      {
        "hashed_secret": "2725d373c8751c3647bd53748e5f1d74cad70992",
        "is_secret": false,
        "is_verified": false,
        "line_number": 2,
        "type": "Secret Keyword",
        "verified_result": null
      },
      {
        "hashed_secret": "d2e2ab0f407e4ee3cf2ab87d61c31b25a74085e5",
        "is_secret": false,
        "is_verified": false,
        "line_number": 9,
        "type": "Secret Keyword",
        "verified_result": null
      }
    ],
    "docs/goproxy.md": [
      {
        "hashed_secret": "4950589b19623304e3adb649d9eee6a3bf70c35b",
        "is_secret": false,
        "is_verified": false,
        "line_number": 24,
        "type": "Secret Keyword",
        "verified_result": null
      }
    ],
    "onepipeline/Documentation/architecture/Privileged_Access_Gateway.md": [
      {
        "hashed_secret": "0a8b2e9cebf5157e266e6600501e6725b8001aa4",
        "is_secret": false,
        "is_verified": false,
        "line_number": 85,
        "type": "Secret Keyword",
        "verified_result": null
      }
    ],
    "onepipeline/pipelines/cd/one_off/genctl_cd_pr/environment/secrets.sh": [
      {
        "hashed_secret": "e2cb08bf573cef04bf386fff602dc8e8719cc274",
        "is_secret": false,
        "is_verified": false,
        "line_number": 14,
        "type": "Secret Keyword",
        "verified_result": null
      },
      {
        "hashed_secret": "f45bd3508e75b063fe4f23bf56e0eed1742890cd",
        "is_secret": false,
        "is_verified": false,
        "line_number": 18,
        "type": "Secret Keyword",
        "verified_result": null
      },
      {
        "hashed_secret": "13a2a17999358955521ac7c7c70ee31554037fbc",
        "is_secret": false,
        "is_verified": false,
        "line_number": 36,
        "type": "Secret Keyword",
        "verified_result": null
      },
      {
        "hashed_secret": "938fb6750077922c0c977d7c301cdf0e01ae7308",
        "is_secret": false,
        "is_verified": false,
        "line_number": 48,
        "type": "Secret Keyword",
        "verified_result": null
      },
      {
        "hashed_secret": "dd1b55c1cae178160d6269908983ab2e2a2b9386",
        "is_secret": false,
        "is_verified": false,
        "line_number": 51,
        "type": "Secret Keyword",
        "verified_result": null
      },
      {
        "hashed_secret": "73addccab30df57dc748a2c2f8cfc871920b5ce4",
        "is_secret": false,
        "is_verified": false,
        "line_number": 54,
        "type": "Secret Keyword",
        "verified_result": null
      },
      {
        "hashed_secret": "54b5434dce40dad9e6fd9b7f60d56d1896405104",
        "is_secret": false,
        "is_verified": false,
        "line_number": 57,
        "type": "Secret Keyword",
        "verified_result": null
      },
      {
        "hashed_secret": "f498748dc71856038813501bd66b44d2aaa30e1d",
        "is_secret": false,
        "is_verified": false,
        "line_number": 61,
        "type": "Secret Keyword",
        "verified_result": null
      },
      {
        "hashed_secret": "9956b846ec7c9d2133ffd907aea3ea37e1e4d8bf",
        "is_secret": false,
        "is_verified": false,
        "line_number": 62,
        "type": "Secret Keyword",
        "verified_result": null
      },
      {
        "hashed_secret": "7d4face8e54e4b091528f2cea319bf6bd6c05f25",
        "is_secret": false,
        "is_verified": false,
        "line_number": 65,
        "type": "Secret Keyword",
        "verified_result": null
      }
    ],
    "onepipeline/pipelines/cd/one_off/goldi_locks/steps/deploy.sh": [
      {
        "hashed_secret": "cff0d14e4337fa8bdb68dfa906f04b0df6fad72f",
        "is_secret": false,
        "is_verified": false,
        "line_number": 23,
        "type": "Secret Keyword",
        "verified_result": null
      }
    ],
    "onepipeline/pipelines/one_off/bastion_certs_update/environment/secrets.sh": [
      {
        "hashed_secret": "f1d3d1614a5f4e7ec4efa2946d3708533be00afc",
        "is_secret": false,
        "is_verified": false,
        "line_number": 15,
        "type": "Secret Keyword",
        "verified_result": null
      }
    ],
    "onepipeline/pipelines/one_off/calico_policies/environment/secrets.sh": [
      {
        "hashed_secret": "f1d3d1614a5f4e7ec4efa2946d3708533be00afc",
        "is_secret": false,
        "is_verified": false,
        "line_number": 14,
        "type": "Secret Keyword",
        "verified_result": null
      }
    ],
    "onepipeline/pipelines/one_off/ci_images_copy/environment/secrets.sh": [
      {
        "hashed_secret": "e2cb08bf573cef04bf386fff602dc8e8719cc274",
        "is_secret": false,
        "is_verified": false,
        "line_number": 14,
        "type": "Secret Keyword",
        "verified_result": null
      }
    ],
    "onepipeline/pipelines/one_off/cion_resourcelock_release/environment/secrets.sh": [
      {
        "hashed_secret": "e2cb08bf573cef04bf386fff602dc8e8719cc274",
        "is_secret": false,
        "is_verified": false,
        "line_number": 15,
        "type": "Secret Keyword",
        "verified_result": null
      },
      {
        "hashed_secret": "7d4face8e54e4b091528f2cea319bf6bd6c05f25",
        "is_secret": false,
        "is_verified": false,
        "line_number": 24,
        "type": "Secret Keyword",
        "verified_result": null
      }
    ],
    "onepipeline/pipelines/one_off/cocoa_image_merge_v11/environment/secrets.sh": [
      {
        "hashed_secret": "928355cdee5d26e0cba0b0782d36f1d5dade7866",
        "is_secret": false,
        "is_verified": false,
        "line_number": 14,
        "type": "Secret Keyword",
        "verified_result": null
      },
      {
        "hashed_secret": "c6e2651c33d0716e658946cd277e6f1ae1d705c7",
        "is_secret": false,
        "is_verified": false,
        "line_number": 19,
        "type": "Secret Keyword",
        "verified_result": null
      },
      {
        "hashed_secret": "9956b846ec7c9d2133ffd907aea3ea37e1e4d8bf",
        "is_secret": false,
        "is_verified": false,
        "line_number": 20,
        "type": "Secret Keyword",
        "verified_result": null
      }
    ],
    "onepipeline/pipelines/one_off/cocoa_image_pr_v11/environment/secrets.sh": [
      {
        "hashed_secret": "928355cdee5d26e0cba0b0782d36f1d5dade7866",
        "is_secret": false,
        "is_verified": false,
        "line_number": 14,
        "type": "Secret Keyword",
        "verified_result": null
      },
      {
        "hashed_secret": "c6e2651c33d0716e658946cd277e6f1ae1d705c7",
        "is_secret": false,
        "is_verified": false,
        "line_number": 20,
        "type": "Secret Keyword",
        "verified_result": null
      },
      {
        "hashed_secret": "9956b846ec7c9d2133ffd907aea3ea37e1e4d8bf",
        "is_secret": false,
        "is_verified": false,
        "line_number": 21,
        "type": "Secret Keyword",
        "verified_result": null
      }
    ],
    "onepipeline/pipelines/one_off/dev_mzone_automation_merge/environment/secrets.sh": [
      {
        "hashed_secret": "3185e76ccc94706df1b5f8a2b6a52b7958290af5",
        "is_secret": false,
        "is_verified": false,
        "line_number": 14,
        "type": "Secret Keyword",
        "verified_result": null
      }
    ],
    "onepipeline/pipelines/one_off/dev_regions_merge/environment/secrets.sh": [
      {
        "hashed_secret": "dd1b55c1cae178160d6269908983ab2e2a2b9386",
        "is_secret": false,
        "is_verified": false,
        "line_number": 14,
        "type": "Secret Keyword",
        "verified_result": null
      },
      {
        "hashed_secret": "73addccab30df57dc748a2c2f8cfc871920b5ce4",
        "is_secret": false,
        "is_verified": false,
        "line_number": 15,
        "type": "Secret Keyword",
        "verified_result": null
      }
    ],
    "onepipeline/pipelines/one_off/dev_regions_ve/environment/secrets.sh": [
      {
        "hashed_secret": "dd1b55c1cae178160d6269908983ab2e2a2b9386",
        "is_secret": false,
        "is_verified": false,
        "line_number": 15,
        "type": "Secret Keyword",
        "verified_result": null
      },
      {
        "hashed_secret": "73addccab30df57dc748a2c2f8cfc871920b5ce4",
        "is_secret": false,
        "is_verified": false,
        "line_number": 16,
        "type": "Secret Keyword",
        "verified_result": null
      }
    ],
    "onepipeline/pipelines/one_off/platform_inventory_pr/environment/secrets.sh": [
      {
        "hashed_secret": "e2cb08bf573cef04bf386fff602dc8e8719cc274",
        "is_secret": false,
        "is_verified": false,
        "line_number": 14,
        "type": "Secret Keyword",
        "verified_result": null
      },
      {
        "hashed_secret": "f45bd3508e75b063fe4f23bf56e0eed1742890cd",
        "is_secret": false,
        "is_verified": false,
        "line_number": 16,
        "type": "Secret Keyword",
        "verified_result": null
      }
    ],
    "onepipeline/pipelines/one_off/release_stucked_brt_locks/environment/secrets.sh": [
      {
        "hashed_secret": "e2cb08bf573cef04bf386fff602dc8e8719cc274",
        "is_secret": false,
        "is_verified": false,
        "line_number": 15,
        "type": "Secret Keyword",
        "verified_result": null
      }
    ],
    "onepipeline/pipelines/one_off/release_stucked_deploy_dal_locks/environment/secrets.sh": [
      {
        "hashed_secret": "e2cb08bf573cef04bf386fff602dc8e8719cc274",
        "is_secret": false,
        "is_verified": false,
        "line_number": 14,
        "type": "Secret Keyword",
        "verified_result": null
      }
    ],
    "onepipeline/pipelines/one_off/sdn_devops_cronjobs/environment/secrets.sh": [
      {
        "hashed_secret": "e2cb08bf573cef04bf386fff602dc8e8719cc274",
        "is_secret": false,
        "is_verified": false,
        "line_number": 18,
        "type": "Secret Keyword",
        "verified_result": null
      },
      {
        "hashed_secret": "7d4face8e54e4b091528f2cea319bf6bd6c05f25",
        "is_secret": false,
        "is_verified": false,
        "line_number": 26,
        "type": "Secret Keyword",
        "verified_result": null
      }
    ],
    "onepipeline/pipelines/one_off/sdn_devops_pr/environment/secrets.sh": [
      {
        "hashed_secret": "e2cb08bf573cef04bf386fff602dc8e8719cc274",
        "is_secret": false,
        "is_verified": false,
        "line_number": 18,
        "type": "Secret Keyword",
        "verified_result": null
      },
      {
        "hashed_secret": "7d4face8e54e4b091528f2cea319bf6bd6c05f25",
        "is_secret": false,
        "is_verified": false,
        "line_number": 26,
        "type": "Secret Keyword",
        "verified_result": null
      }
    ],
    "onepipeline/pipelines/one_off/sdn_inventory_merge/environment/secrets.sh": [
      {
        "hashed_secret": "e2cb08bf573cef04bf386fff602dc8e8719cc274",
        "is_secret": false,
        "is_verified": false,
        "line_number": 15,
        "type": "Secret Keyword",
        "verified_result": null
      }
    ],
    "onepipeline/pipelines/one_off/smotainer_merge/environment/secrets.sh": [
      {
        "hashed_secret": "e2cb08bf573cef04bf386fff602dc8e8719cc274",
        "is_secret": false,
        "is_verified": false,
        "line_number": 16,
        "type": "Secret Keyword",
        "verified_result": null
      }
    ],
    "onepipeline/pipelines/one_off/terraform_merge/environment/secrets.sh": [
      {
        "hashed_secret": "f1d3d1614a5f4e7ec4efa2946d3708533be00afc",
        "is_secret": false,
        "is_verified": false,
        "line_number": 22,
        "type": "Secret Keyword",
        "verified_result": null
      },
      {
        "hashed_secret": "e2cb08bf573cef04bf386fff602dc8e8719cc274",
        "is_secret": false,
        "is_verified": false,
        "line_number": 24,
        "type": "Secret Keyword",
        "verified_result": null
      }
    ],
    "onepipeline/pipelines/one_off/terraform_pr/environment/secrets.sh": [
      {
        "hashed_secret": "f1d3d1614a5f4e7ec4efa2946d3708533be00afc",
        "is_secret": false,
        "is_verified": false,
        "line_number": 22,
        "type": "Secret Keyword",
        "verified_result": null
      },
      {
        "hashed_secret": "e2cb08bf573cef04bf386fff602dc8e8719cc274",
        "is_secret": false,
        "is_verified": false,
        "line_number": 24,
        "type": "Secret Keyword",
        "verified_result": null
      }
    ],
    "onepipeline/pipelines/one_off/terraform_toolchain_infra_merge/environment/secrets.sh": [
      {
        "hashed_secret": "f1d3d1614a5f4e7ec4efa2946d3708533be00afc",
        "is_secret": false,
        "is_verified": false,
        "line_number": 18,
        "type": "Secret Keyword",
        "verified_result": null
      },
      {
        "hashed_secret": "e2cb08bf573cef04bf386fff602dc8e8719cc274",
        "is_secret": false,
        "is_verified": false,
        "line_number": 20,
        "type": "Secret Keyword",
        "verified_result": null
      }
    ],
    "onepipeline/pipelines/one_off/usam_sync/environment/secrets.sh": [
      {
        "hashed_secret": "e2cb08bf573cef04bf386fff602dc8e8719cc274",
        "is_secret": false,
        "is_verified": false,
        "line_number": 22,
        "type": "Secret Keyword",
        "verified_result": null
      }
    ],
    "onepipeline/pipelines/one_off/uuc_terraform_merge/environment/secrets.sh": [
      {
        "hashed_secret": "f1d3d1614a5f4e7ec4efa2946d3708533be00afc",
        "is_secret": false,
        "is_verified": false,
        "line_number": 22,
        "type": "Secret Keyword",
        "verified_result": null
      },
      {
        "hashed_secret": "e2cb08bf573cef04bf386fff602dc8e8719cc274",
        "is_secret": false,
        "is_verified": false,
        "line_number": 24,
        "type": "Secret Keyword",
        "verified_result": null
      }
    ],
    "onepipeline/pipelines/one_off/uuc_terraform_pr/environment/secrets.sh": [
      {
        "hashed_secret": "f1d3d1614a5f4e7ec4efa2946d3708533be00afc",
        "is_secret": false,
        "is_verified": false,
        "line_number": 23,
        "type": "Secret Keyword",
        "verified_result": null
      },
      {
        "hashed_secret": "e2cb08bf573cef04bf386fff602dc8e8719cc274",
        "is_secret": false,
        "is_verified": false,
        "line_number": 25,
        "type": "Secret Keyword",
        "verified_result": null
      },
      {
        "hashed_secret": "54b5434dce40dad9e6fd9b7f60d56d1896405104",
        "is_secret": false,
        "is_verified": false,
        "line_number": 30,
        "type": "Secret Keyword",
        "verified_result": null
      }
    ],
    "onepipeline/pipelines/templatized/artifacts/merge/environment/secrets.sh": [
      {
        "hashed_secret": "73addccab30df57dc748a2c2f8cfc871920b5ce4",
        "is_secret": false,
        "is_verified": false,
        "line_number": 19,
        "type": "Secret Keyword",
        "verified_result": null
      },
      {
        "hashed_secret": "e2cb08bf573cef04bf386fff602dc8e8719cc274",
        "is_secret": false,
        "is_verified": false,
        "line_number": 22,
        "type": "Secret Keyword",
        "verified_result": null
      },
      {
        "hashed_secret": "f45bd3508e75b063fe4f23bf56e0eed1742890cd",
        "is_secret": false,
        "is_verified": false,
        "line_number": 24,
        "type": "Secret Keyword",
        "verified_result": null
      },
      {
        "hashed_secret": "4a270e6699c7fe7d52f0a2d6a2158e82aea4a0d6",
        "is_secret": false,
        "is_verified": false,
        "line_number": 33,
        "type": "Secret Keyword",
        "verified_result": null
      },
      {
        "hashed_secret": "57ef20df10b12d6f668d7614aacccd630275ae45",
        "is_secret": false,
        "is_verified": false,
        "line_number": 34,
        "type": "Secret Keyword",
        "verified_result": null
      },
      {
        "hashed_secret": "6f974a6a43fa3e93e85302669f4d0857a301dfe0",
        "is_secret": false,
        "is_verified": false,
        "line_number": 37,
        "type": "Secret Keyword",
        "verified_result": null
      },
      {
        "hashed_secret": "585fbd6f19db8b5e9a4834bf0197122750276526",
        "is_secret": false,
        "is_verified": false,
        "line_number": 38,
        "type": "Secret Keyword",
        "verified_result": null
      },
      {
        "hashed_secret": "c68a0865def0ea7f76e3caa953e2c470fd4531da",
        "is_secret": false,
        "is_verified": false,
        "line_number": 39,
        "type": "Secret Keyword",
        "verified_result": null
      }
    ],
    "onepipeline/pipelines/templatized/artifacts/merge_v11/environment/secrets.sh": [
      {
        "hashed_secret": "73addccab30df57dc748a2c2f8cfc871920b5ce4",
        "is_secret": false,
        "is_verified": false,
        "line_number": 19,
        "type": "Secret Keyword",
        "verified_result": null
      },
      {
        "hashed_secret": "e2cb08bf573cef04bf386fff602dc8e8719cc274",
        "is_secret": false,
        "is_verified": false,
        "line_number": 22,
        "type": "Secret Keyword",
        "verified_result": null
      },
      {
        "hashed_secret": "f45bd3508e75b063fe4f23bf56e0eed1742890cd",
        "is_secret": false,
        "is_verified": false,
        "line_number": 24,
        "type": "Secret Keyword",
        "verified_result": null
      },
      {
        "hashed_secret": "4a270e6699c7fe7d52f0a2d6a2158e82aea4a0d6",
        "is_secret": false,
        "is_verified": false,
        "line_number": 33,
        "type": "Secret Keyword",
        "verified_result": null
      },
      {
        "hashed_secret": "57ef20df10b12d6f668d7614aacccd630275ae45",
        "is_secret": false,
        "is_verified": false,
        "line_number": 34,
        "type": "Secret Keyword",
        "verified_result": null
      },
      {
        "hashed_secret": "6f974a6a43fa3e93e85302669f4d0857a301dfe0",
        "is_secret": false,
        "is_verified": false,
        "line_number": 37,
        "type": "Secret Keyword",
        "verified_result": null
      },
      {
        "hashed_secret": "585fbd6f19db8b5e9a4834bf0197122750276526",
        "is_secret": false,
        "is_verified": false,
        "line_number": 38,
        "type": "Secret Keyword",
        "verified_result": null
      },
      {
        "hashed_secret": "c68a0865def0ea7f76e3caa953e2c470fd4531da",
        "is_secret": false,
        "is_verified": false,
        "line_number": 39,
        "type": "Secret Keyword",
        "verified_result": null
      },
      {
        "hashed_secret": "9956b846ec7c9d2133ffd907aea3ea37e1e4d8bf",
        "is_secret": false,
        "is_verified": false,
        "line_number": 41,
        "type": "Secret Keyword",
        "verified_result": null
      },
      {
        "hashed_secret": "866de070843f52cb5e631a622b289d548e8694f2",
        "is_secret": false,
        "is_verified": false,
        "line_number": 42,
        "type": "Secret Keyword",
        "verified_result": null
      },
      {
        "hashed_secret": "e526800a4ffabbe955cd65a785cfa7e52ef3cae3",
        "is_secret": false,
        "is_verified": false,
        "line_number": 45,
        "type": "Secret Keyword",
        "verified_result": null
      }
    ],
    "onepipeline/pipelines/templatized/artifacts/pr/environment/secrets.sh": [
      {
        "hashed_secret": "73addccab30df57dc748a2c2f8cfc871920b5ce4",
        "is_secret": false,
        "is_verified": false,
        "line_number": 14,
        "type": "Secret Keyword",
        "verified_result": null
      },
      {
        "hashed_secret": "e2cb08bf573cef04bf386fff602dc8e8719cc274",
        "is_secret": false,
        "is_verified": false,
        "line_number": 17,
        "type": "Secret Keyword",
        "verified_result": null
      },
      {
        "hashed_secret": "f45bd3508e75b063fe4f23bf56e0eed1742890cd",
        "is_secret": false,
        "is_verified": false,
        "line_number": 19,
        "type": "Secret Keyword",
        "verified_result": null
      },
      {
        "hashed_secret": "186654521676545b389b0c56ac0e6924edbe1341",
        "is_secret": false,
        "is_verified": false,
        "line_number": 28,
        "type": "Secret Keyword",
        "verified_result": null
      },
      {
        "hashed_secret": "adf779ddce010231454b23f7d6e941e3f652f0d5",
        "is_secret": false,
        "is_verified": false,
        "line_number": 31,
        "type": "Secret Keyword",
        "verified_result": null
      },
      {
        "hashed_secret": "4a270e6699c7fe7d52f0a2d6a2158e82aea4a0d6",
        "is_secret": false,
        "is_verified": false,
        "line_number": 34,
        "type": "Secret Keyword",
        "verified_result": null
      },
      {
        "hashed_secret": "57ef20df10b12d6f668d7614aacccd630275ae45",
        "is_secret": false,
        "is_verified": false,
        "line_number": 35,
        "type": "Secret Keyword",
        "verified_result": null
      },
      {
        "hashed_secret": "6f974a6a43fa3e93e85302669f4d0857a301dfe0",
        "is_secret": false,
        "is_verified": false,
        "line_number": 39,
        "type": "Secret Keyword",
        "verified_result": null
      },
      {
        "hashed_secret": "585fbd6f19db8b5e9a4834bf0197122750276526",
        "is_secret": false,
        "is_verified": false,
        "line_number": 40,
        "type": "Secret Keyword",
        "verified_result": null
      },
      {
        "hashed_secret": "c68a0865def0ea7f76e3caa953e2c470fd4531da",
        "is_secret": false,
        "is_verified": false,
        "line_number": 41,
        "type": "Secret Keyword",
        "verified_result": null
      }
    ],
    "onepipeline/pipelines/templatized/artifacts/pr_v11/environment/secrets.sh": [
      {
        "hashed_secret": "73addccab30df57dc748a2c2f8cfc871920b5ce4",
        "is_secret": false,
        "is_verified": false,
        "line_number": 14,
        "type": "Secret Keyword",
        "verified_result": null
      },
      {
        "hashed_secret": "e2cb08bf573cef04bf386fff602dc8e8719cc274",
        "is_secret": false,
        "is_verified": false,
        "line_number": 17,
        "type": "Secret Keyword",
        "verified_result": null
      },
      {
        "hashed_secret": "f45bd3508e75b063fe4f23bf56e0eed1742890cd",
        "is_secret": false,
        "is_verified": false,
        "line_number": 19,
        "type": "Secret Keyword",
        "verified_result": null
      },
      {
        "hashed_secret": "186654521676545b389b0c56ac0e6924edbe1341",
        "is_secret": false,
        "is_verified": false,
        "line_number": 28,
        "type": "Secret Keyword",
        "verified_result": null
      },
      {
        "hashed_secret": "adf779ddce010231454b23f7d6e941e3f652f0d5",
        "is_secret": false,
        "is_verified": false,
        "line_number": 31,
        "type": "Secret Keyword",
        "verified_result": null
      },
      {
        "hashed_secret": "4a270e6699c7fe7d52f0a2d6a2158e82aea4a0d6",
        "is_secret": false,
        "is_verified": false,
        "line_number": 34,
        "type": "Secret Keyword",
        "verified_result": null
      },
      {
        "hashed_secret": "57ef20df10b12d6f668d7614aacccd630275ae45",
        "is_secret": false,
        "is_verified": false,
        "line_number": 35,
        "type": "Secret Keyword",
        "verified_result": null
      },
      {
        "hashed_secret": "6f974a6a43fa3e93e85302669f4d0857a301dfe0",
        "is_secret": false,
        "is_verified": false,
        "line_number": 39,
        "type": "Secret Keyword",
        "verified_result": null
      },
      {
        "hashed_secret": "585fbd6f19db8b5e9a4834bf0197122750276526",
        "is_secret": false,
        "is_verified": false,
        "line_number": 40,
        "type": "Secret Keyword",
        "verified_result": null
      },
      {
        "hashed_secret": "c68a0865def0ea7f76e3caa953e2c470fd4531da",
        "is_secret": false,
        "is_verified": false,
        "line_number": 41,
        "type": "Secret Keyword",
        "verified_result": null
      },
      {
        "hashed_secret": "9956b846ec7c9d2133ffd907aea3ea37e1e4d8bf",
        "is_secret": false,
        "is_verified": false,
        "line_number": 43,
        "type": "Secret Keyword",
        "verified_result": null
      },
      {
        "hashed_secret": "866de070843f52cb5e631a622b289d548e8694f2",
        "is_secret": false,
        "is_verified": false,
        "line_number": 44,
        "type": "Secret Keyword",
        "verified_result": null
      },
      {
        "hashed_secret": "e526800a4ffabbe955cd65a785cfa7e52ef3cae3",
        "is_secret": false,
        "is_verified": false,
        "line_number": 47,
        "type": "Secret Keyword",
        "verified_result": null
      }
    ],
    "onepipeline/pipelines/templatized/globals/merge/environment/secrets.sh": [
      {
        "hashed_secret": "e2cb08bf573cef04bf386fff602dc8e8719cc274",
        "is_secret": false,
        "is_verified": false,
        "line_number": 17,
        "type": "Secret Keyword",
        "verified_result": null
      },
      {
        "hashed_secret": "73addccab30df57dc748a2c2f8cfc871920b5ce4",
        "is_secret": false,
        "is_verified": false,
        "line_number": 22,
        "type": "Secret Keyword",
        "verified_result": null
      },
      {
        "hashed_secret": "dd1b55c1cae178160d6269908983ab2e2a2b9386",
        "is_secret": false,
        "is_verified": false,
        "line_number": 25,
        "type": "Secret Keyword",
        "verified_result": null
      }
    ],
    "onepipeline/pipelines/templatized/globals/merge_v11/environment/secrets.sh": [
      {
        "hashed_secret": "e2cb08bf573cef04bf386fff602dc8e8719cc274",
        "is_secret": false,
        "is_verified": false,
        "line_number": 17,
        "type": "Secret Keyword",
        "verified_result": null
      },
      {
        "hashed_secret": "73addccab30df57dc748a2c2f8cfc871920b5ce4",
        "is_secret": false,
        "is_verified": false,
        "line_number": 22,
        "type": "Secret Keyword",
        "verified_result": null
      },
      {
        "hashed_secret": "dd1b55c1cae178160d6269908983ab2e2a2b9386",
        "is_secret": false,
        "is_verified": false,
        "line_number": 25,
        "type": "Secret Keyword",
        "verified_result": null
      }
    ],
    "onepipeline/pipelines/templatized/globals/pr/environment/secrets.sh": [
      {
        "hashed_secret": "73addccab30df57dc748a2c2f8cfc871920b5ce4",
        "is_secret": false,
        "is_verified": false,
        "line_number": 14,
        "type": "Secret Keyword",
        "verified_result": null
      },
      {
        "hashed_secret": "e2cb08bf573cef04bf386fff602dc8e8719cc274",
        "is_secret": false,
        "is_verified": false,
        "line_number": 20,
        "type": "Secret Keyword",
        "verified_result": null
      }
    ],
    "onepipeline/pipelines/templatized/globals/pr_v11/environment/secrets.sh": [
      {
        "hashed_secret": "73addccab30df57dc748a2c2f8cfc871920b5ce4",
        "is_secret": false,
        "is_verified": false,
        "line_number": 14,
        "type": "Secret Keyword",
        "verified_result": null
      },
      {
        "hashed_secret": "e2cb08bf573cef04bf386fff602dc8e8719cc274",
        "is_secret": false,
        "is_verified": false,
        "line_number": 20,
        "type": "Secret Keyword",
        "verified_result": null
      }
    ],
    "onepipeline/pipelines/templatized/prod_artifacts/merge/environment/secrets.sh": [
      {
        "hashed_secret": "73addccab30df57dc748a2c2f8cfc871920b5ce4",
        "is_secret": false,
        "is_verified": false,
        "line_number": 19,
        "type": "Secret Keyword",
        "verified_result": null
      },
      {
        "hashed_secret": "e2cb08bf573cef04bf386fff602dc8e8719cc274",
        "is_secret": false,
        "is_verified": false,
        "line_number": 22,
        "type": "Secret Keyword",
        "verified_result": null
      },
      {
        "hashed_secret": "f45bd3508e75b063fe4f23bf56e0eed1742890cd",
        "is_secret": false,
        "is_verified": false,
        "line_number": 24,
        "type": "Secret Keyword",
        "verified_result": null
      },
      {
        "hashed_secret": "186654521676545b389b0c56ac0e6924edbe1341",
        "is_secret": false,
        "is_verified": false,
        "line_number": 33,
        "type": "Secret Keyword",
        "verified_result": null
      },
      {
        "hashed_secret": "adf779ddce010231454b23f7d6e941e3f652f0d5",
        "is_secret": false,
        "is_verified": false,
        "line_number": 36,
        "type": "Secret Keyword",
        "verified_result": null
      },
      {
        "hashed_secret": "a2ab596aa616ec167e6b573016d86d8db1b2277c",
        "is_secret": false,
        "is_verified": false,
        "line_number": 39,
        "type": "Secret Keyword",
        "verified_result": null
      }
    ],
    "onepipeline/pipelines/templatized/prod_artifacts/merge_v11/environment/secrets.sh": [
      {
        "hashed_secret": "73addccab30df57dc748a2c2f8cfc871920b5ce4",
        "is_secret": false,
        "is_verified": false,
        "line_number": 19,
        "type": "Secret Keyword",
        "verified_result": null
      },
      {
        "hashed_secret": "e2cb08bf573cef04bf386fff602dc8e8719cc274",
        "is_secret": false,
        "is_verified": false,
        "line_number": 22,
        "type": "Secret Keyword",
        "verified_result": null
      },
      {
        "hashed_secret": "f45bd3508e75b063fe4f23bf56e0eed1742890cd",
        "is_secret": false,
        "is_verified": false,
        "line_number": 24,
        "type": "Secret Keyword",
        "verified_result": null
      },
      {
        "hashed_secret": "186654521676545b389b0c56ac0e6924edbe1341",
        "is_secret": false,
        "is_verified": false,
        "line_number": 33,
        "type": "Secret Keyword",
        "verified_result": null
      },
      {
        "hashed_secret": "adf779ddce010231454b23f7d6e941e3f652f0d5",
        "is_secret": false,
        "is_verified": false,
        "line_number": 36,
        "type": "Secret Keyword",
        "verified_result": null
      },
      {
        "hashed_secret": "a2ab596aa616ec167e6b573016d86d8db1b2277c",
        "is_secret": false,
        "is_verified": false,
        "line_number": 39,
        "type": "Secret Keyword",
        "verified_result": null
      },
      {
        "hashed_secret": "9956b846ec7c9d2133ffd907aea3ea37e1e4d8bf",
        "is_secret": false,
        "is_verified": false,
        "line_number": 40,
        "type": "Secret Keyword",
        "verified_result": null
      }
    ],
    "onepipeline/pipelines/templatized/razee/hotfix-merge-v11/environment/secrets.sh": [
      {
        "hashed_secret": "e2cb08bf573cef04bf386fff602dc8e8719cc274",
        "is_secret": false,
        "is_verified": false,
        "line_number": 16,
        "type": "Secret Keyword",
        "verified_result": null
      },
      {
        "hashed_secret": "73addccab30df57dc748a2c2f8cfc871920b5ce4",
        "is_secret": false,
        "is_verified": false,
        "line_number": 21,
        "type": "Secret Keyword",
        "verified_result": null
      },
      {
        "hashed_secret": "9956b846ec7c9d2133ffd907aea3ea37e1e4d8bf",
        "is_secret": false,
        "is_verified": false,
        "line_number": 29,
        "type": "Secret Keyword",
        "verified_result": null
      },
      {
        "hashed_secret": "8687e8891db2eb8548830e9cd8d0e909248c411b",
        "is_secret": false,
        "is_verified": false,
        "line_number": 31,
        "type": "Secret Keyword",
        "verified_result": null
      },
      {
        "hashed_secret": "f45bd3508e75b063fe4f23bf56e0eed1742890cd",
        "is_secret": false,
        "is_verified": false,
        "line_number": 34,
        "type": "Secret Keyword",
        "verified_result": null
      },
      {
        "hashed_secret": "dd1b55c1cae178160d6269908983ab2e2a2b9386",
        "is_secret": false,
        "is_verified": false,
        "line_number": 39,
        "type": "Secret Keyword",
        "verified_result": null
      },
      {
        "hashed_secret": "f498748dc71856038813501bd66b44d2aaa30e1d",
        "is_secret": false,
        "is_verified": false,
        "line_number": 45,
        "type": "Secret Keyword",
        "verified_result": null
      },
      {
        "hashed_secret": "7d4face8e54e4b091528f2cea319bf6bd6c05f25",
        "is_secret": false,
        "is_verified": false,
        "line_number": 49,
        "type": "Secret Keyword",
        "verified_result": null
      }
    ],
    "onepipeline/pipelines/templatized/razee/hotfix-merge/environment/secrets.sh": [
      {
        "hashed_secret": "e2cb08bf573cef04bf386fff602dc8e8719cc274",
        "is_secret": false,
        "is_verified": false,
        "line_number": 19,
        "type": "Secret Keyword",
        "verified_result": null
      },
      {
        "hashed_secret": "73addccab30df57dc748a2c2f8cfc871920b5ce4",
        "is_secret": false,
        "is_verified": false,
        "line_number": 24,
        "type": "Secret Keyword",
        "verified_result": null
      },
      {
        "hashed_secret": "9956b846ec7c9d2133ffd907aea3ea37e1e4d8bf",
        "is_secret": false,
        "is_verified": false,
        "line_number": 32,
        "type": "Secret Keyword",
        "verified_result": null
      },
      {
        "hashed_secret": "8687e8891db2eb8548830e9cd8d0e909248c411b",
        "is_secret": false,
        "is_verified": false,
        "line_number": 34,
        "type": "Secret Keyword",
        "verified_result": null
      },
      {
        "hashed_secret": "f45bd3508e75b063fe4f23bf56e0eed1742890cd",
        "is_secret": false,
        "is_verified": false,
        "line_number": 37,
        "type": "Secret Keyword",
        "verified_result": null
      },
      {
        "hashed_secret": "dd1b55c1cae178160d6269908983ab2e2a2b9386",
        "is_secret": false,
        "is_verified": false,
        "line_number": 42,
        "type": "Secret Keyword",
        "verified_result": null
      },
      {
        "hashed_secret": "f498748dc71856038813501bd66b44d2aaa30e1d",
        "is_secret": false,
        "is_verified": false,
        "line_number": 48,
        "type": "Secret Keyword",
        "verified_result": null
      },
      {
        "hashed_secret": "7d4face8e54e4b091528f2cea319bf6bd6c05f25",
        "is_secret": false,
        "is_verified": false,
        "line_number": 52,
        "type": "Secret Keyword",
        "verified_result": null
      }
    ],
    "onepipeline/pipelines/templatized/razee/hotfix-pr-v11/environment/secrets.sh": [
      {
        "hashed_secret": "e2cb08bf573cef04bf386fff602dc8e8719cc274",
        "is_secret": false,
        "is_verified": false,
        "line_number": 13,
        "type": "Secret Keyword",
        "verified_result": null
      },
      {
        "hashed_secret": "f45bd3508e75b063fe4f23bf56e0eed1742890cd",
        "is_secret": false,
        "is_verified": false,
        "line_number": 26,
        "type": "Secret Keyword",
        "verified_result": null
      },
      {
        "hashed_secret": "13a2a17999358955521ac7c7c70ee31554037fbc",
        "is_secret": false,
        "is_verified": false,
        "line_number": 27,
        "type": "Secret Keyword",
        "verified_result": null
      },
      {
        "hashed_secret": "9956b846ec7c9d2133ffd907aea3ea37e1e4d8bf",
        "is_secret": false,
        "is_verified": false,
        "line_number": 33,
        "type": "Secret Keyword",
        "verified_result": null
      },
      {
        "hashed_secret": "73addccab30df57dc748a2c2f8cfc871920b5ce4",
        "is_secret": false,
        "is_verified": false,
        "line_number": 36,
        "type": "Secret Keyword",
        "verified_result": null
      },
      {
        "hashed_secret": "7d4face8e54e4b091528f2cea319bf6bd6c05f25",
        "is_secret": false,
        "is_verified": false,
        "line_number": 39,
        "type": "Secret Keyword",
        "verified_result": null
      }
    ],
    "onepipeline/pipelines/templatized/razee/hotfix-pr/environment/secrets.sh": [
      {
        "hashed_secret": "e2cb08bf573cef04bf386fff602dc8e8719cc274",
        "is_secret": false,
        "is_verified": false,
        "line_number": 15,
        "type": "Secret Keyword",
        "verified_result": null
      },
      {
        "hashed_secret": "f45bd3508e75b063fe4f23bf56e0eed1742890cd",
        "is_secret": false,
        "is_verified": false,
        "line_number": 28,
        "type": "Secret Keyword",
        "verified_result": null
      },
      {
        "hashed_secret": "13a2a17999358955521ac7c7c70ee31554037fbc",
        "is_secret": false,
        "is_verified": false,
        "line_number": 29,
        "type": "Secret Keyword",
        "verified_result": null
      },
      {
        "hashed_secret": "9956b846ec7c9d2133ffd907aea3ea37e1e4d8bf",
        "is_secret": false,
        "is_verified": false,
        "line_number": 35,
        "type": "Secret Keyword",
        "verified_result": null
      },
      {
        "hashed_secret": "73addccab30df57dc748a2c2f8cfc871920b5ce4",
        "is_secret": false,
        "is_verified": false,
        "line_number": 38,
        "type": "Secret Keyword",
        "verified_result": null
      },
      {
        "hashed_secret": "7d4face8e54e4b091528f2cea319bf6bd6c05f25",
        "is_secret": false,
        "is_verified": false,
        "line_number": 41,
        "type": "Secret Keyword",
        "verified_result": null
      }
    ],
    "onepipeline/pipelines/templatized/razee/merge_dev_integration/environment/secrets.sh": [
      {
        "hashed_secret": "e2cb08bf573cef04bf386fff602dc8e8719cc274",
        "is_secret": false,
        "is_verified": false,
        "line_number": 18,
        "type": "Secret Keyword",
        "verified_result": null
      },
      {
        "hashed_secret": "73addccab30df57dc748a2c2f8cfc871920b5ce4",
        "is_secret": false,
        "is_verified": false,
        "line_number": 23,
        "type": "Secret Keyword",
        "verified_result": null
      },
      {
        "hashed_secret": "13a2a17999358955521ac7c7c70ee31554037fbc",
        "is_secret": false,
        "is_verified": false,
        "line_number": 32,
        "type": "Secret Keyword",
        "verified_result": null
      },
      {
        "hashed_secret": "f45bd3508e75b063fe4f23bf56e0eed1742890cd",
        "is_secret": false,
        "is_verified": false,
        "line_number": 35,
        "type": "Secret Keyword",
        "verified_result": null
      },
      {
        "hashed_secret": "dd1b55c1cae178160d6269908983ab2e2a2b9386",
        "is_secret": false,
        "is_verified": false,
        "line_number": 40,
        "type": "Secret Keyword",
        "verified_result": null
      },
      {
        "hashed_secret": "f498748dc71856038813501bd66b44d2aaa30e1d",
        "is_secret": false,
        "is_verified": false,
        "line_number": 46,
        "type": "Secret Keyword",
        "verified_result": null
      },
      {
        "hashed_secret": "9956b846ec7c9d2133ffd907aea3ea37e1e4d8bf",
        "is_secret": false,
        "is_verified": false,
        "line_number": 47,
        "type": "Secret Keyword",
        "verified_result": null
      },
      {
        "hashed_secret": "7d4face8e54e4b091528f2cea319bf6bd6c05f25",
        "is_secret": false,
        "is_verified": false,
        "line_number": 50,
        "type": "Secret Keyword",
        "verified_result": null
      }
    ],
    "onepipeline/pipelines/templatized/razee/merge_dev_integration_v11/environment/secrets.sh": [
      {
        "hashed_secret": "e2cb08bf573cef04bf386fff602dc8e8719cc274",
        "is_secret": false,
        "is_verified": false,
        "line_number": 17,
        "type": "Secret Keyword",
        "verified_result": null
      },
      {
        "hashed_secret": "73addccab30df57dc748a2c2f8cfc871920b5ce4",
        "is_secret": false,
        "is_verified": false,
        "line_number": 22,
        "type": "Secret Keyword",
        "verified_result": null
      },
      {
        "hashed_secret": "13a2a17999358955521ac7c7c70ee31554037fbc",
        "is_secret": false,
        "is_verified": false,
        "line_number": 31,
        "type": "Secret Keyword",
        "verified_result": null
      },
      {
        "hashed_secret": "f45bd3508e75b063fe4f23bf56e0eed1742890cd",
        "is_secret": false,
        "is_verified": false,
        "line_number": 34,
        "type": "Secret Keyword",
        "verified_result": null
      },
      {
        "hashed_secret": "dd1b55c1cae178160d6269908983ab2e2a2b9386",
        "is_secret": false,
        "is_verified": false,
        "line_number": 39,
        "type": "Secret Keyword",
        "verified_result": null
      },
      {
        "hashed_secret": "f498748dc71856038813501bd66b44d2aaa30e1d",
        "is_secret": false,
        "is_verified": false,
        "line_number": 45,
        "type": "Secret Keyword",
        "verified_result": null
      },
      {
        "hashed_secret": "9956b846ec7c9d2133ffd907aea3ea37e1e4d8bf",
        "is_secret": false,
        "is_verified": false,
        "line_number": 46,
        "type": "Secret Keyword",
        "verified_result": null
      },
      {
        "hashed_secret": "7d4face8e54e4b091528f2cea319bf6bd6c05f25",
        "is_secret": false,
        "is_verified": false,
        "line_number": 49,
        "type": "Secret Keyword",
        "verified_result": null
      }
    ],
    "onepipeline/pipelines/templatized/razee/merge_dev_integration_v11_backup/environment/secrets.sh": [
      {
        "hashed_secret": "e2cb08bf573cef04bf386fff602dc8e8719cc274",
        "is_secret": false,
        "is_verified": false,
        "line_number": 17,
        "type": "Secret Keyword",
        "verified_result": null
      },
      {
        "hashed_secret": "73addccab30df57dc748a2c2f8cfc871920b5ce4",
        "is_secret": false,
        "is_verified": false,
        "line_number": 22,
        "type": "Secret Keyword",
        "verified_result": null
      },
      {
        "hashed_secret": "13a2a17999358955521ac7c7c70ee31554037fbc",
        "is_secret": false,
        "is_verified": false,
        "line_number": 31,
        "type": "Secret Keyword",
        "verified_result": null
      },
      {
        "hashed_secret": "f45bd3508e75b063fe4f23bf56e0eed1742890cd",
        "is_secret": false,
        "is_verified": false,
        "line_number": 34,
        "type": "Secret Keyword",
        "verified_result": null
      },
      {
        "hashed_secret": "dd1b55c1cae178160d6269908983ab2e2a2b9386",
        "is_secret": false,
        "is_verified": false,
        "line_number": 39,
        "type": "Secret Keyword",
        "verified_result": null
      },
      {
        "hashed_secret": "f498748dc71856038813501bd66b44d2aaa30e1d",
        "is_secret": false,
        "is_verified": false,
        "line_number": 45,
        "type": "Secret Keyword",
        "verified_result": null
      },
      {
        "hashed_secret": "9956b846ec7c9d2133ffd907aea3ea37e1e4d8bf",
        "is_secret": false,
        "is_verified": false,
        "line_number": 46,
        "type": "Secret Keyword",
        "verified_result": null
      },
      {
        "hashed_secret": "7d4face8e54e4b091528f2cea319bf6bd6c05f25",
        "is_secret": false,
        "is_verified": false,
        "line_number": 49,
        "type": "Secret Keyword",
        "verified_result": null
      }
    ],
    "onepipeline/pipelines/templatized/razee/merge_dev_integration_v11_ubuntu22_and_24/environment/secrets.sh": [
      {
        "hashed_secret": "e2cb08bf573cef04bf386fff602dc8e8719cc274",
        "is_secret": false,
        "is_verified": false,
        "line_number": 17,
        "type": "Secret Keyword",
        "verified_result": null
      },
      {
        "hashed_secret": "73addccab30df57dc748a2c2f8cfc871920b5ce4",
        "is_secret": false,
        "is_verified": false,
        "line_number": 22,
        "type": "Secret Keyword",
        "verified_result": null
      },
      {
        "hashed_secret": "13a2a17999358955521ac7c7c70ee31554037fbc",
        "is_secret": false,
        "is_verified": false,
        "line_number": 31,
        "type": "Secret Keyword",
        "verified_result": null
      },
      {
        "hashed_secret": "f45bd3508e75b063fe4f23bf56e0eed1742890cd",
        "is_secret": false,
        "is_verified": false,
        "line_number": 34,
        "type": "Secret Keyword",
        "verified_result": null
      },
      {
        "hashed_secret": "dd1b55c1cae178160d6269908983ab2e2a2b9386",
        "is_secret": false,
        "is_verified": false,
        "line_number": 39,
        "type": "Secret Keyword",
        "verified_result": null
      },
      {
        "hashed_secret": "f498748dc71856038813501bd66b44d2aaa30e1d",
        "is_secret": false,
        "is_verified": false,
        "line_number": 45,
        "type": "Secret Keyword",
        "verified_result": null
      },
      {
        "hashed_secret": "9956b846ec7c9d2133ffd907aea3ea37e1e4d8bf",
        "is_secret": false,
        "is_verified": false,
        "line_number": 46,
        "type": "Secret Keyword",
        "verified_result": null
      },
      {
        "hashed_secret": "7d4face8e54e4b091528f2cea319bf6bd6c05f25",
        "is_secret": false,
        "is_verified": false,
        "line_number": 49,
        "type": "Secret Keyword",
        "verified_result": null
      }
    ],
    "onepipeline/pipelines/templatized/razee/merge_master/environment/secrets.sh": [
      {
        "hashed_secret": "e2cb08bf573cef04bf386fff602dc8e8719cc274",
        "is_secret": false,
        "is_verified": false,
        "line_number": 16,
        "type": "Secret Keyword",
        "verified_result": null
      },
      {
        "hashed_secret": "73addccab30df57dc748a2c2f8cfc871920b5ce4",
        "is_secret": false,
        "is_verified": false,
        "line_number": 21,
        "type": "Secret Keyword",
        "verified_result": null
      },
      {
        "hashed_secret": "0bbfad31ec58381bba1d941c5df91507d7a69fcc",
        "is_secret": false,
        "is_verified": false,
        "line_number": 35,
        "type": "Secret Keyword",
        "verified_result": null
      },
      {
        "hashed_secret": "dd1b55c1cae178160d6269908983ab2e2a2b9386",
        "is_secret": false,
        "is_verified": false,
        "line_number": 38,
        "type": "Secret Keyword",
        "verified_result": null
      }
    ],
    "onepipeline/pipelines/templatized/razee/merge_master_with_deploy_dal/environment/secrets.sh": [
      {
        "hashed_secret": "e2cb08bf573cef04bf386fff602dc8e8719cc274",
        "is_secret": false,
        "is_verified": false,
        "line_number": 16,
        "type": "Secret Keyword",
        "verified_result": null
      },
      {
        "hashed_secret": "73addccab30df57dc748a2c2f8cfc871920b5ce4",
        "is_secret": false,
        "is_verified": false,
        "line_number": 26,
        "type": "Secret Keyword",
        "verified_result": null
      },
      {
        "hashed_secret": "0bbfad31ec58381bba1d941c5df91507d7a69fcc",
        "is_secret": false,
        "is_verified": false,
        "line_number": 35,
        "type": "Secret Keyword",
        "verified_result": null
      },
      {
        "hashed_secret": "dd1b55c1cae178160d6269908983ab2e2a2b9386",
        "is_secret": false,
        "is_verified": false,
        "line_number": 38,
        "type": "Secret Keyword",
        "verified_result": null
      }
    ],
    "onepipeline/pipelines/templatized/razee/pr_and_ci_master_v11/environment/secrets.sh": [
      {
        "hashed_secret": "e2cb08bf573cef04bf386fff602dc8e8719cc274",
        "is_secret": false,
        "is_verified": false,
        "line_number": 28,
        "type": "Secret Keyword",
        "verified_result": null
      },
      {
        "hashed_secret": "f45bd3508e75b063fe4f23bf56e0eed1742890cd",
        "is_secret": false,
        "is_verified": false,
        "line_number": 34,
        "type": "Secret Keyword",
        "verified_result": null
      },
      {
        "hashed_secret": "73addccab30df57dc748a2c2f8cfc871920b5ce4",
        "is_secret": false,
        "is_verified": false,
        "line_number": 47,
        "type": "Secret Keyword",
        "verified_result": null
      },
      {
        "hashed_secret": "0bbfad31ec58381bba1d941c5df91507d7a69fcc",
        "is_secret": false,
        "is_verified": false,
        "line_number": 54,
        "type": "Secret Keyword",
        "verified_result": null
      },
      {
        "hashed_secret": "dd1b55c1cae178160d6269908983ab2e2a2b9386",
        "is_secret": false,
        "is_verified": false,
        "line_number": 57,
        "type": "Secret Keyword",
        "verified_result": null
      },
      {
        "hashed_secret": "9956b846ec7c9d2133ffd907aea3ea37e1e4d8bf",
        "is_secret": false,
        "is_verified": false,
        "line_number": 62,
        "type": "Secret Keyword",
        "verified_result": null
      }
    ],
    "onepipeline/pipelines/templatized/razee/pr_dev_integration/environment/secrets.sh": [
      {
        "hashed_secret": "e2cb08bf573cef04bf386fff602dc8e8719cc274",
        "is_secret": false,
        "is_verified": false,
        "line_number": 60,
        "type": "Secret Keyword",
        "verified_result": null
      },
      {
        "hashed_secret": "f45bd3508e75b063fe4f23bf56e0eed1742890cd",
        "is_secret": false,
        "is_verified": false,
        "line_number": 64,
        "type": "Secret Keyword",
        "verified_result": null
      },
      {
        "hashed_secret": "13a2a17999358955521ac7c7c70ee31554037fbc",
        "is_secret": false,
        "is_verified": false,
        "line_number": 82,
        "type": "Secret Keyword",
        "verified_result": null
      },
      {
        "hashed_secret": "938fb6750077922c0c977d7c301cdf0e01ae7308",
        "is_secret": false,
        "is_verified": false,
        "line_number": 94,
        "type": "Secret Keyword",
        "verified_result": null
      },
      {
        "hashed_secret": "dd1b55c1cae178160d6269908983ab2e2a2b9386",
        "is_secret": false,
        "is_verified": false,
        "line_number": 97,
        "type": "Secret Keyword",
        "verified_result": null
      },
      {
        "hashed_secret": "73addccab30df57dc748a2c2f8cfc871920b5ce4",
        "is_secret": false,
        "is_verified": false,
        "line_number": 100,
        "type": "Secret Keyword",
        "verified_result": null
      },
      {
        "hashed_secret": "f498748dc71856038813501bd66b44d2aaa30e1d",
        "is_secret": false,
        "is_verified": false,
        "line_number": 103,
        "type": "Secret Keyword",
        "verified_result": null
      }
    ],
    "onepipeline/pipelines/templatized/razee/pr_dev_integration_v11/environment/secrets.sh": [
      {
        "hashed_secret": "e2cb08bf573cef04bf386fff602dc8e8719cc274",
        "is_secret": false,
        "is_verified": false,
        "line_number": 14,
        "type": "Secret Keyword",
        "verified_result": null
      },
      {
        "hashed_secret": "f45bd3508e75b063fe4f23bf56e0eed1742890cd",
        "is_secret": false,
        "is_verified": false,
        "line_number": 18,
        "type": "Secret Keyword",
        "verified_result": null
      },
      {
        "hashed_secret": "13a2a17999358955521ac7c7c70ee31554037fbc",
        "is_secret": false,
        "is_verified": false,
        "line_number": 36,
        "type": "Secret Keyword",
        "verified_result": null
      },
      {
        "hashed_secret": "938fb6750077922c0c977d7c301cdf0e01ae7308",
        "is_secret": false,
        "is_verified": false,
        "line_number": 48,
        "type": "Secret Keyword",
        "verified_result": null
      },
      {
        "hashed_secret": "dd1b55c1cae178160d6269908983ab2e2a2b9386",
        "is_secret": false,
        "is_verified": false,
        "line_number": 51,
        "type": "Secret Keyword",
        "verified_result": null
      },
      {
        "hashed_secret": "73addccab30df57dc748a2c2f8cfc871920b5ce4",
        "is_secret": false,
        "is_verified": false,
        "line_number": 54,
        "type": "Secret Keyword",
        "verified_result": null
      },
      {
        "hashed_secret": "f498748dc71856038813501bd66b44d2aaa30e1d",
        "is_secret": false,
        "is_verified": false,
        "line_number": 57,
        "type": "Secret Keyword",
        "verified_result": null
      },
      {
        "hashed_secret": "9956b846ec7c9d2133ffd907aea3ea37e1e4d8bf",
        "is_secret": false,
        "is_verified": false,
        "line_number": 58,
        "type": "Secret Keyword",
        "verified_result": null
      },
      {
        "hashed_secret": "7d4face8e54e4b091528f2cea319bf6bd6c05f25",
        "is_secret": false,
        "is_verified": false,
        "line_number": 61,
        "type": "Secret Keyword",
        "verified_result": null
      }
    ],
    "onepipeline/pipelines/templatized/razee/pr_dev_integration_v11_ubuntu22_and_24/environment/secrets.sh": [
      {
        "hashed_secret": "e2cb08bf573cef04bf386fff602dc8e8719cc274",
        "is_secret": false,
        "is_verified": false,
        "line_number": 14,
        "type": "Secret Keyword",
        "verified_result": null
      },
      {
        "hashed_secret": "f45bd3508e75b063fe4f23bf56e0eed1742890cd",
        "is_secret": false,
        "is_verified": false,
        "line_number": 18,
        "type": "Secret Keyword",
        "verified_result": null
      },
      {
        "hashed_secret": "13a2a17999358955521ac7c7c70ee31554037fbc",
        "is_secret": false,
        "is_verified": false,
        "line_number": 36,
        "type": "Secret Keyword",
        "verified_result": null
      },
      {
        "hashed_secret": "938fb6750077922c0c977d7c301cdf0e01ae7308",
        "is_secret": false,
        "is_verified": false,
        "line_number": 48,
        "type": "Secret Keyword",
        "verified_result": null
      },
      {
        "hashed_secret": "dd1b55c1cae178160d6269908983ab2e2a2b9386",
        "is_secret": false,
        "is_verified": false,
        "line_number": 51,
        "type": "Secret Keyword",
        "verified_result": null
      },
      {
        "hashed_secret": "73addccab30df57dc748a2c2f8cfc871920b5ce4",
        "is_secret": false,
        "is_verified": false,
        "line_number": 54,
        "type": "Secret Keyword",
        "verified_result": null
      },
      {
        "hashed_secret": "f498748dc71856038813501bd66b44d2aaa30e1d",
        "is_secret": false,
        "is_verified": false,
        "line_number": 57,
        "type": "Secret Keyword",
        "verified_result": null
      },
      {
        "hashed_secret": "9956b846ec7c9d2133ffd907aea3ea37e1e4d8bf",
        "is_secret": false,
        "is_verified": false,
        "line_number": 58,
        "type": "Secret Keyword",
        "verified_result": null
      },
      {
        "hashed_secret": "7d4face8e54e4b091528f2cea319bf6bd6c05f25",
        "is_secret": false,
        "is_verified": false,
        "line_number": 61,
        "type": "Secret Keyword",
        "verified_result": null
      }
    ],
    "onepipeline/pipelines/templatized/razee/pr_master/environment/secrets.sh": [
      {
        "hashed_secret": "e2cb08bf573cef04bf386fff602dc8e8719cc274",
        "is_secret": false,
        "is_verified": false,
        "line_number": 28,
        "type": "Secret Keyword",
        "verified_result": null
      },
      {
        "hashed_secret": "f45bd3508e75b063fe4f23bf56e0eed1742890cd",
        "is_secret": false,
        "is_verified": false,
        "line_number": 34,
        "type": "Secret Keyword",
        "verified_result": null
      },
      {
        "hashed_secret": "73addccab30df57dc748a2c2f8cfc871920b5ce4",
        "is_secret": false,
        "is_verified": false,
        "line_number": 46,
        "type": "Secret Keyword",
        "verified_result": null
      }
    ],
    "onepipeline/pipelines/templatized/razee/pr_master_v11/environment/secrets.sh": [
      {
        "hashed_secret": "e2cb08bf573cef04bf386fff602dc8e8719cc274",
        "is_secret": false,
        "is_verified": false,
        "line_number": 28,
        "type": "Secret Keyword",
        "verified_result": null
      },
      {
        "hashed_secret": "f45bd3508e75b063fe4f23bf56e0eed1742890cd",
        "is_secret": false,
        "is_verified": false,
        "line_number": 34,
        "type": "Secret Keyword",
        "verified_result": null
      },
      {
        "hashed_secret": "73addccab30df57dc748a2c2f8cfc871920b5ce4",
        "is_secret": false,
        "is_verified": false,
        "line_number": 46,
        "type": "Secret Keyword",
        "verified_result": null
      }
    ],
    "onepipeline/pipelines/templatized/release_bundles/merge/environment/secrets.sh": [
      {
        "hashed_secret": "e2cb08bf573cef04bf386fff602dc8e8719cc274",
        "is_secret": false,
        "is_verified": false,
        "line_number": 18,
        "type": "Secret Keyword",
        "verified_result": null
      },
      {
        "hashed_secret": "73addccab30df57dc748a2c2f8cfc871920b5ce4",
        "is_secret": false,
        "is_verified": false,
        "line_number": 19,
        "type": "Secret Keyword",
        "verified_result": null
      },
      {
        "hashed_secret": "9956b846ec7c9d2133ffd907aea3ea37e1e4d8bf",
        "is_secret": false,
        "is_verified": false,
        "line_number": 23,
        "type": "Secret Keyword",
        "verified_result": null
      }
    ],
    "onepipeline/pipelines/templatized/release_bundles/pr/environment/secrets.sh": [
      {
        "hashed_secret": "73addccab30df57dc748a2c2f8cfc871920b5ce4",
        "is_secret": false,
        "is_verified": false,
        "line_number": 14,
        "type": "Secret Keyword",
        "verified_result": null
      },
      {
        "hashed_secret": "e2cb08bf573cef04bf386fff602dc8e8719cc274",
        "is_secret": false,
        "is_verified": false,
        "line_number": 19,
        "type": "Secret Keyword",
        "verified_result": null
      },
      {
        "hashed_secret": "9956b846ec7c9d2133ffd907aea3ea37e1e4d8bf",
        "is_secret": false,
        "is_verified": false,
        "line_number": 31,
        "type": "Secret Keyword",
        "verified_result": null
      }
    ],
    "onepipeline/pipelines/templatized/release_bundles/pr_with_rias_smoke/environment/secrets.sh": [
      {
        "hashed_secret": "73addccab30df57dc748a2c2f8cfc871920b5ce4",
        "is_secret": false,
        "is_verified": false,
        "line_number": 14,
        "type": "Secret Keyword",
        "verified_result": null
      },
      {
        "hashed_secret": "e2cb08bf573cef04bf386fff602dc8e8719cc274",
        "is_secret": false,
        "is_verified": false,
        "line_number": 19,
        "type": "Secret Keyword",
        "verified_result": null
      }
    ],
    "onepipeline/pipelines/templatized/release_bundles/pr_with_rias_smoke_v11/environment/secrets.sh": [
      {
        "hashed_secret": "73addccab30df57dc748a2c2f8cfc871920b5ce4",
        "is_secret": false,
        "is_verified": false,
        "line_number": 14,
        "type": "Secret Keyword",
        "verified_result": null
      },
      {
        "hashed_secret": "e2cb08bf573cef04bf386fff602dc8e8719cc274",
        "is_secret": false,
        "is_verified": false,
        "line_number": 19,
        "type": "Secret Keyword",
        "verified_result": null
      }
    ],
    "onepipeline/pipelines/templatized/sdn/components/merge/environment/secrets.sh": [
      {
        "hashed_secret": "73addccab30df57dc748a2c2f8cfc871920b5ce4",
        "is_secret": false,
        "is_verified": false,
        "line_number": 14,
        "type": "Secret Keyword",
        "verified_result": null
      },
      {
        "hashed_secret": "e2cb08bf573cef04bf386fff602dc8e8719cc274",
        "is_secret": false,
        "is_verified": false,
        "line_number": 15,
        "type": "Secret Keyword",
        "verified_result": null
      },
      {
        "hashed_secret": "f45bd3508e75b063fe4f23bf56e0eed1742890cd",
        "is_secret": false,
        "is_verified": false,
        "line_number": 17,
        "type": "Secret Keyword",
        "verified_result": null
      },
      {
        "hashed_secret": "7d4face8e54e4b091528f2cea319bf6bd6c05f25",
        "is_secret": false,
        "is_verified": false,
        "line_number": 24,
        "type": "Secret Keyword",
        "verified_result": null
      },
      {
        "hashed_secret": "9956b846ec7c9d2133ffd907aea3ea37e1e4d8bf",
        "is_secret": false,
        "is_verified": false,
        "line_number": 27,
        "type": "Secret Keyword",
        "verified_result": null
      }
    ],
    "onepipeline/pipelines/templatized/sdn/components/merge_v11/environment/secrets.sh": [
      {
        "hashed_secret": "73addccab30df57dc748a2c2f8cfc871920b5ce4",
        "is_secret": false,
        "is_verified": false,
        "line_number": 14,
        "type": "Secret Keyword",
        "verified_result": null
      },
      {
        "hashed_secret": "e2cb08bf573cef04bf386fff602dc8e8719cc274",
        "is_secret": false,
        "is_verified": false,
        "line_number": 15,
        "type": "Secret Keyword",
        "verified_result": null
      },
      {
        "hashed_secret": "f45bd3508e75b063fe4f23bf56e0eed1742890cd",
        "is_secret": false,
        "is_verified": false,
        "line_number": 17,
        "type": "Secret Keyword",
        "verified_result": null
      },
      {
        "hashed_secret": "7d4face8e54e4b091528f2cea319bf6bd6c05f25",
        "is_secret": false,
        "is_verified": false,
        "line_number": 24,
        "type": "Secret Keyword",
        "verified_result": null
      },
      {
        "hashed_secret": "9956b846ec7c9d2133ffd907aea3ea37e1e4d8bf",
        "is_secret": false,
        "is_verified": false,
        "line_number": 26,
        "type": "Secret Keyword",
        "verified_result": null
      }
    ],
    "onepipeline/pipelines/templatized/sdn/components/pr/environment/secrets.sh": [
      {
        "hashed_secret": "73addccab30df57dc748a2c2f8cfc871920b5ce4",
        "is_secret": false,
        "is_verified": false,
        "line_number": 14,
        "type": "Secret Keyword",
        "verified_result": null
      },
      {
        "hashed_secret": "e2cb08bf573cef04bf386fff602dc8e8719cc274",
        "is_secret": false,
        "is_verified": false,
        "line_number": 17,
        "type": "Secret Keyword",
        "verified_result": null
      },
      {
        "hashed_secret": "f45bd3508e75b063fe4f23bf56e0eed1742890cd",
        "is_secret": false,
        "is_verified": false,
        "line_number": 19,
        "type": "Secret Keyword",
        "verified_result": null
      },
      {
        "hashed_secret": "7d4face8e54e4b091528f2cea319bf6bd6c05f25",
        "is_secret": false,
        "is_verified": false,
        "line_number": 27,
        "type": "Secret Keyword",
        "verified_result": null
      },
      {
        "hashed_secret": "3185e76ccc94706df1b5f8a2b6a52b7958290af5",
        "is_secret": false,
        "is_verified": false,
        "line_number": 28,
        "type": "Secret Keyword",
        "verified_result": null
      },
      {
        "hashed_secret": "9956b846ec7c9d2133ffd907aea3ea37e1e4d8bf",
        "is_secret": false,
        "is_verified": false,
        "line_number": 32,
        "type": "Secret Keyword",
        "verified_result": null
      }
    ],
    "onepipeline/pipelines/templatized/sdn/components/pr_v11/environment/secrets.sh": [
      {
        "hashed_secret": "73addccab30df57dc748a2c2f8cfc871920b5ce4",
        "is_secret": false,
        "is_verified": false,
        "line_number": 14,
        "type": "Secret Keyword",
        "verified_result": null
      },
      {
        "hashed_secret": "e2cb08bf573cef04bf386fff602dc8e8719cc274",
        "is_secret": false,
        "is_verified": false,
        "line_number": 17,
        "type": "Secret Keyword",
        "verified_result": null
      },
      {
        "hashed_secret": "f45bd3508e75b063fe4f23bf56e0eed1742890cd",
        "is_secret": false,
        "is_verified": false,
        "line_number": 19,
        "type": "Secret Keyword",
        "verified_result": null
      },
      {
        "hashed_secret": "7d4face8e54e4b091528f2cea319bf6bd6c05f25",
        "is_secret": false,
        "is_verified": false,
        "line_number": 27,
        "type": "Secret Keyword",
        "verified_result": null
      },
      {
        "hashed_secret": "3185e76ccc94706df1b5f8a2b6a52b7958290af5",
        "is_secret": false,
        "is_verified": false,
        "line_number": 28,
        "type": "Secret Keyword",
        "verified_result": null
      },
      {
        "hashed_secret": "9956b846ec7c9d2133ffd907aea3ea37e1e4d8bf",
        "is_secret": false,
        "is_verified": false,
        "line_number": 31,
        "type": "Secret Keyword",
        "verified_result": null
      }
    ],
    "onepipeline/pipelines/templatized/simple/merge/environment/secrets.sh": [
      {
        "hashed_secret": "e2cb08bf573cef04bf386fff602dc8e8719cc274",
        "is_secret": false,
        "is_verified": false,
        "line_number": 14,
        "type": "Secret Keyword",
        "verified_result": null
      },
      {
        "hashed_secret": "73addccab30df57dc748a2c2f8cfc871920b5ce4",
        "is_secret": false,
        "is_verified": false,
        "line_number": 17,
        "type": "Secret Keyword",
        "verified_result": null
      },
      {
        "hashed_secret": "f45bd3508e75b063fe4f23bf56e0eed1742890cd",
        "is_secret": false,
        "is_verified": false,
        "line_number": 20,
        "type": "Secret Keyword",
        "verified_result": null
      }
    ],
    "onepipeline/pipelines/templatized/simple/pr/environment/secrets.sh": [
      {
        "hashed_secret": "e2cb08bf573cef04bf386fff602dc8e8719cc274",
        "is_secret": false,
        "is_verified": false,
        "line_number": 13,
        "type": "Secret Keyword",
        "verified_result": null
      },
      {
        "hashed_secret": "f45bd3508e75b063fe4f23bf56e0eed1742890cd",
        "is_secret": false,
        "is_verified": false,
        "line_number": 15,
        "type": "Secret Keyword",
        "verified_result": null
      }
    ],
    "onepipeline/pipelines/uuc/ci-consolidated/merge/environment/secrets.sh": [
      {
        "hashed_secret": "73addccab30df57dc748a2c2f8cfc871920b5ce4",
        "is_secret": false,
        "is_verified": false,
        "line_number": 19,
        "type": "Secret Keyword",
        "verified_result": null
      },
      {
        "hashed_secret": "e2cb08bf573cef04bf386fff602dc8e8719cc274",
        "is_secret": false,
        "is_verified": false,
        "line_number": 22,
        "type": "Secret Keyword",
        "verified_result": null
      },
      {
        "hashed_secret": "f45bd3508e75b063fe4f23bf56e0eed1742890cd",
        "is_secret": false,
        "is_verified": false,
        "line_number": 24,
        "type": "Secret Keyword",
        "verified_result": null
      },
      {
        "hashed_secret": "186654521676545b389b0c56ac0e6924edbe1341",
        "is_secret": false,
        "is_verified": false,
        "line_number": 31,
        "type": "Secret Keyword",
        "verified_result": null
      },
      {
        "hashed_secret": "9956b846ec7c9d2133ffd907aea3ea37e1e4d8bf",
        "is_secret": false,
        "is_verified": false,
        "line_number": 32,
        "type": "Secret Keyword",
        "verified_result": null
      },
      {
        "hashed_secret": "f1d3d1614a5f4e7ec4efa2946d3708533be00afc",
        "is_secret": false,
        "is_verified": false,
        "line_number": 35,
        "type": "Secret Keyword",
        "verified_result": null
      },
      {
        "hashed_secret": "e526800a4ffabbe955cd65a785cfa7e52ef3cae3",
        "is_secret": false,
        "is_verified": false,
        "line_number": 37,
        "type": "Secret Keyword",
        "verified_result": null
      },
      {
        "hashed_secret": "866de070843f52cb5e631a622b289d548e8694f2",
        "is_secret": false,
        "is_verified": false,
        "line_number": 38,
        "type": "Secret Keyword",
        "verified_result": null
      }
    ],
    "onepipeline/pipelines/uuc/ci-consolidated/pr/environment/secrets.sh": [
      {
        "hashed_secret": "e2cb08bf573cef04bf386fff602dc8e8719cc274",
        "is_secret": false,
        "is_verified": false,
        "line_number": 24,
        "type": "Secret Keyword",
        "verified_result": null
      },
      {
        "hashed_secret": "f45bd3508e75b063fe4f23bf56e0eed1742890cd",
        "is_secret": false,
        "is_verified": false,
        "line_number": 30,
        "type": "Secret Keyword",
        "verified_result": null
      },
      {
        "hashed_secret": "73addccab30df57dc748a2c2f8cfc871920b5ce4",
        "is_secret": false,
        "is_verified": false,
        "line_number": 34,
        "type": "Secret Keyword",
        "verified_result": null
      },
      {
        "hashed_secret": "dd1b55c1cae178160d6269908983ab2e2a2b9386",
        "is_secret": false,
        "is_verified": false,
        "line_number": 38,
        "type": "Secret Keyword",
        "verified_result": null
      },
      {
        "hashed_secret": "9956b846ec7c9d2133ffd907aea3ea37e1e4d8bf",
        "is_secret": false,
        "is_verified": false,
        "line_number": 41,
        "type": "Secret Keyword",
        "verified_result": null
      },
      {
        "hashed_secret": "f1d3d1614a5f4e7ec4efa2946d3708533be00afc",
        "is_secret": false,
        "is_verified": false,
        "line_number": 44,
        "type": "Secret Keyword",
        "verified_result": null
      },
      {
        "hashed_secret": "e526800a4ffabbe955cd65a785cfa7e52ef3cae3",
        "is_secret": false,
        "is_verified": false,
        "line_number": 47,
        "type": "Secret Keyword",
        "verified_result": null
      },
      {
        "hashed_secret": "866de070843f52cb5e631a622b289d548e8694f2",
        "is_secret": false,
        "is_verified": false,
        "line_number": 49,
        "type": "Secret Keyword",
        "verified_result": null
      }
    ],
    "onepipeline/pipelines/uuc/minimal/merge/environment/secrets.sh": [
      {
        "hashed_secret": "e2cb08bf573cef04bf386fff602dc8e8719cc274",
        "is_secret": false,
        "is_verified": false,
        "line_number": 14,
        "type": "Secret Keyword",
        "verified_result": null
      },
      {
        "hashed_secret": "f1d3d1614a5f4e7ec4efa2946d3708533be00afc",
        "is_secret": false,
        "is_verified": false,
        "line_number": 17,
        "type": "Secret Keyword",
        "verified_result": null
      },
      {
        "hashed_secret": "e526800a4ffabbe955cd65a785cfa7e52ef3cae3",
        "is_secret": false,
        "is_verified": false,
        "line_number": 19,
        "type": "Secret Keyword",
        "verified_result": null
      },
      {
        "hashed_secret": "866de070843f52cb5e631a622b289d548e8694f2",
        "is_secret": false,
        "is_verified": false,
        "line_number": 21,
        "type": "Secret Keyword",
        "verified_result": null
      }
    ],
    "onepipeline/pipelines/uuc/minimal/pr/environment/secrets.sh": [
      {
        "hashed_secret": "e2cb08bf573cef04bf386fff602dc8e8719cc274",
        "is_secret": false,
        "is_verified": false,
        "line_number": 14,
        "type": "Secret Keyword",
        "verified_result": null
      },
      {
        "hashed_secret": "f1d3d1614a5f4e7ec4efa2946d3708533be00afc",
        "is_secret": false,
        "is_verified": false,
        "line_number": 16,
        "type": "Secret Keyword",
        "verified_result": null
      },
      {
        "hashed_secret": "e526800a4ffabbe955cd65a785cfa7e52ef3cae3",
        "is_secret": false,
        "is_verified": false,
        "line_number": 18,
        "type": "Secret Keyword",
        "verified_result": null
      },
      {
        "hashed_secret": "866de070843f52cb5e631a622b289d548e8694f2",
        "is_secret": false,
        "is_verified": false,
        "line_number": 19,
        "type": "Secret Keyword",
        "verified_result": null
      }
    ],
    "onepipeline/pipelines/uuc/ops/merge/steps/add_update_secrets.sh": [
      {
        "hashed_secret": "ce0b1612aa711b78a720295d271a33894e2b72bf",
        "is_secret": false,
        "is_verified": false,
        "line_number": 283,
        "type": "Secret Keyword",
        "verified_result": null
      }
    ],
    "onepipeline/pipelines/uuc/ops/merge/steps/provision_team_infrastructure.sh": [
      {
        "hashed_secret": "91199272d5d6a574a51722ca6f3d1148edb1a0e7",
        "is_secret": false,
        "is_verified": false,
        "line_number": 1349,
        "type": "Secret Keyword",
        "verified_result": null
      },
      {
        "hashed_secret": "ce0b1612aa711b78a720295d271a33894e2b72bf",
        "is_secret": false,
        "is_verified": false,
        "line_number": 1488,
        "type": "Secret Keyword",
        "verified_result": null
      }
    ],
    "onepipeline/pipelines/uuc/ops/pr/tests/test_verify_compliance_bucket_access.py": [
      {
        "hashed_secret": "2e7a7ee14caebf378fc32d6cf6f557f347c96773",
        "is_secret": false,
        "is_verified": false,
        "line_number": 30,
        "type": "Secret Keyword",
        "verified_result": null
      }
    ],
    "onepipeline/utils/bob_setup.sh": [
      {
        "hashed_secret": "2fe102c79773636339e0bc6b793f48c7a566c13a",
        "is_secret": false,
        "is_verified": false,
        "line_number": 32,
        "type": "Secret Keyword",
        "verified_result": null
      }
    ],
    "onepipeline/utils/onboarding_validation_utils.sh": [
      {
        "hashed_secret": "cf4a956e75901c220c0f5fbaec41987fc6177345",
        "is_secret": false,
        "is_verified": false,
        "line_number": 106,
        "type": "Secret Keyword",
        "verified_result": null
      }
    ],
    "scripts/configure_featureflags/automate_api_spec_update.py": [
      {
        "hashed_secret": "aaf0645f511bb1cc3783a9c610bf6815cbd42add",
        "is_secret": false,
        "is_verified": false,
        "line_number": 22,
        "type": "Hex High Entropy String",
        "verified_result": null
      },
      {
        "hashed_secret": "2de57e852310cbc9aefe696429006d16e9c47812",
        "is_secret": false,
        "is_verified": false,
        "line_number": 23,
        "type": "Hex High Entropy String",
        "verified_result": null
      }
    ],
    "scripts/copy_images.sh": [
      {
        "hashed_secret": "1d977493b833ddeca065091dec35a18d91ddeb0e",
        "is_secret": false,
        "is_verified": false,
        "line_number": 26,
        "type": "Secret Keyword",
        "verified_result": null
      }
    ],
    "scripts/deploy-ddt.sh": [
      {
        "hashed_secret": "40ce4379f5763c05b71c88f9a371809fdbce6a21",
        "is_secret": false,
        "is_verified": false,
        "line_number": 115,
        "type": "Secret Keyword",
        "verified_result": null
      }
    ],
    "scripts/post_status/test_post_status.py": [
      {
        "hashed_secret": "6367c48dd193d56ea7b0baad25b19455e529f5ee",
        "is_secret": false,
        "is_verified": false,
        "line_number": 67,
        "type": "Secret Keyword",
        "verified_result": null
      }
    ],
    "scripts/process_build_meta.sh": [
      {
        "hashed_secret": "cff0d14e4337fa8bdb68dfa906f04b0df6fad72f",
        "is_secret": false,
        "is_verified": false,
        "line_number": 39,
        "type": "Secret Keyword",
        "verified_result": null
      },
      {
        "hashed_secret": "4ada9713ec27066b2ffe0b7bd9c9c8d635dc4ab2",
        "is_secret": false,
        "is_verified": false,
        "line_number": 563,
        "type": "Private Key",
        "verified_result": null
      }
    ],
    "scripts/process_build_meta_v11.sh": [
      {
        "hashed_secret": "cff0d14e4337fa8bdb68dfa906f04b0df6fad72f",
        "is_secret": false,
        "is_verified": false,
        "line_number": 39,
        "type": "Secret Keyword",
        "verified_result": null
      },
      {
        "hashed_secret": "4ada9713ec27066b2ffe0b7bd9c9c8d635dc4ab2",
        "is_secret": false,
        "is_verified": false,
        "line_number": 596,
        "type": "Private Key",
        "verified_result": null
      }
    ],
    "scripts/upload_to_cos.py": [
      {
        "hashed_secret": "bb8d86c6bc094b2e4391de0c01cd026f8cdb73d8",
        "is_secret": false,
        "is_verified": false,
        "line_number": 117,
        "type": "Base64 High Entropy String",
        "verified_result": null
      }
    ],
    "scripts/zap/fetch_apikey.sh": [
      {
        "hashed_secret": "183b48dd3eef859d5007a416e9acf988943877ed",
        "is_secret": false,
        "is_verified": false,
        "line_number": 24,
        "type": "Secret Keyword",
        "verified_result": null
      }
    ],
    "tasks/run-rias-smoke.sh": [
      {
        "hashed_secret": "9bfc9882dbf7bbbdfeb11e532aee04df7a6edba3",
        "is_secret": false,
        "is_verified": false,
        "line_number": 21,
        "type": "Secret Keyword",
        "verified_result": null
      }
    ],
    "tasks/upload-to-cos.sh": [
      {
        "hashed_secret": "9bfc9882dbf7bbbdfeb11e532aee04df7a6edba3",
        "is_secret": false,
        "is_verified": false,
        "line_number": 16,
        "type": "Secret Keyword",
        "verified_result": null
      }
    ]
  },
  "version": "0.13.1+ibm.61.dss",
  "word_list": {
    "file": null,
    "hash": null
  }
}
